// Jest Snapshot v1, https://goo.gl/fbAQLP

exports[`snapshot 1`] = `
Object {
  "Parameters": Object {
    "BootstrapVersion": Object {
      "Default": "/cdk-bootstrap/hnb659fds/version",
      "Description": "Version of the CDK Bootstrap resources in this environment, automatically retrieved from SSM Parameter Store. [cdk:skip]",
      "Type": "AWS::SSM::Parameter::Value<String>",
    },
  },
  "Resources": Object {
    "CustomCDKBucketDeployment8693BB64968944B69AAFB0CC9EB8756C81C01536": Object {
      "DependsOn": Array [
        "CustomCDKBucketDeployment8693BB64968944B69AAFB0CC9EB8756CServiceRoleDefaultPolicy88902FDF",
        "CustomCDKBucketDeployment8693BB64968944B69AAFB0CC9EB8756CServiceRole89A01265",
      ],
      "Properties": Object {
        "Code": Object {
          "S3Bucket": Object {
            "Fn::Sub": "cdk-hnb659fds-assets-\${AWS::AccountId}-\${AWS::Region}",
          },
          "S3Key": "e3d9996b6fafcc7da88312672e15e3cc925b02cffc6f01a615d81f22303e3ae0.zip",
        },
        "Handler": "index.handler",
        "Layers": Array [
          Object {
            "Ref": "ServerlessNextJsAssetsDeploymentDeploypublicAwsCliLayerE21BE73E",
          },
        ],
        "Role": Object {
          "Fn::GetAtt": Array [
            "CustomCDKBucketDeployment8693BB64968944B69AAFB0CC9EB8756CServiceRole89A01265",
            "Arn",
          ],
        },
        "Runtime": "python3.7",
        "Timeout": 900,
      },
      "Type": "AWS::Lambda::Function",
    },
    "CustomCDKBucketDeployment8693BB64968944B69AAFB0CC9EB8756CServiceRole89A01265": Object {
      "Properties": Object {
        "AssumeRolePolicyDocument": Object {
          "Statement": Array [
            Object {
              "Action": "sts:AssumeRole",
              "Effect": "Allow",
              "Principal": Object {
                "Service": "lambda.amazonaws.com",
              },
            },
          ],
          "Version": "2012-10-17",
        },
        "ManagedPolicyArns": Array [
          Object {
            "Fn::Join": Array [
              "",
              Array [
                "arn:",
                Object {
                  "Ref": "AWS::Partition",
                },
                ":iam::aws:policy/service-role/AWSLambdaBasicExecutionRole",
              ],
            ],
          },
        ],
      },
      "Type": "AWS::IAM::Role",
    },
    "CustomCDKBucketDeployment8693BB64968944B69AAFB0CC9EB8756CServiceRoleDefaultPolicy88902FDF": Object {
      "Properties": Object {
        "PolicyDocument": Object {
          "Statement": Array [
            Object {
              "Action": Array [
                "s3:GetObject*",
                "s3:GetBucket*",
                "s3:List*",
              ],
              "Effect": "Allow",
              "Resource": Array [
                Object {
                  "Fn::Join": Array [
                    "",
                    Array [
                      "arn:",
                      Object {
                        "Ref": "AWS::Partition",
                      },
                      ":s3:::",
                      Object {
                        "Fn::Sub": "cdk-hnb659fds-assets-\${AWS::AccountId}-\${AWS::Region}",
                      },
                    ],
                  ],
                },
                Object {
                  "Fn::Join": Array [
                    "",
                    Array [
                      "arn:",
                      Object {
                        "Ref": "AWS::Partition",
                      },
                      ":s3:::",
                      Object {
                        "Fn::Sub": "cdk-hnb659fds-assets-\${AWS::AccountId}-\${AWS::Region}",
                      },
                      "/*",
                    ],
                  ],
                },
              ],
            },
            Object {
              "Action": Array [
                "s3:GetObject*",
                "s3:GetBucket*",
                "s3:List*",
                "s3:DeleteObject*",
                "s3:PutObject",
                "s3:Abort*",
              ],
              "Effect": "Allow",
              "Resource": Array [
                Object {
                  "Fn::GetAtt": Array [
                    "ServerlessNextJsBucket352C45DE",
                    "Arn",
                  ],
                },
                Object {
                  "Fn::Join": Array [
                    "",
                    Array [
                      Object {
                        "Fn::GetAtt": Array [
                          "ServerlessNextJsBucket352C45DE",
                          "Arn",
                        ],
                      },
                      "/*",
                    ],
                  ],
                },
              ],
            },
          ],
          "Version": "2012-10-17",
        },
        "PolicyName": "CustomCDKBucketDeployment8693BB64968944B69AAFB0CC9EB8756CServiceRoleDefaultPolicy88902FDF",
        "Roles": Array [
          Object {
            "Ref": "CustomCDKBucketDeployment8693BB64968944B69AAFB0CC9EB8756CServiceRole89A01265",
          },
        ],
      },
      "Type": "AWS::IAM::Policy",
    },
    "Distribution830FAC52": Object {
      "Properties": Object {
        "DistributionConfig": Object {
          "CacheBehaviors": Array [
            Object {
              "AllowedMethods": Array [
                "GET",
                "HEAD",
                "OPTIONS",
              ],
              "CachePolicyId": Object {
                "Ref": "ServerlessNextJsBucketAssetsCachePolicyE658DAF4",
              },
              "CachedMethods": Array [
                "GET",
                "HEAD",
                "OPTIONS",
              ],
              "Compress": true,
              "PathPattern": "_next/*",
              "TargetOriginId": "SnapshotDistributionOrigin21410E148",
              "ViewerProtocolPolicy": "redirect-to-https",
            },
            Object {
              "AllowedMethods": Array [
                "GET",
                "HEAD",
                "OPTIONS",
              ],
              "CachePolicyId": Object {
                "Ref": "ServerlessNextJsBucketAssetsCachePolicyE658DAF4",
              },
              "CachedMethods": Array [
                "GET",
                "HEAD",
                "OPTIONS",
              ],
              "Compress": true,
              "PathPattern": "static/*",
              "TargetOriginId": "SnapshotDistributionOrigin21410E148",
              "ViewerProtocolPolicy": "redirect-to-https",
            },
          ],
          "DefaultCacheBehavior": Object {
            "AllowedMethods": Array [
              "GET",
              "HEAD",
              "OPTIONS",
            ],
            "CachePolicyId": "4135ea2d-6df8-44a3-9df3-4b5a84be39ad",
            "CachedMethods": Array [
              "GET",
              "HEAD",
              "OPTIONS",
            ],
            "Compress": true,
            "LambdaFunctionAssociations": Array [
              Object {
                "EventType": "origin-request",
                "IncludeBody": true,
                "LambdaFunctionARN": Object {
                  "Ref": "ServerlessNextJsLambdaCurrentVersionA807374Aeb608ea7bf0d0fb7901faacf6e8862f7",
                },
              },
              Object {
                "EventType": "origin-response",
                "LambdaFunctionARN": Object {
                  "Ref": "ServerlessNextJsLambdaCurrentVersionA807374Aeb608ea7bf0d0fb7901faacf6e8862f7",
                },
              },
            ],
            "TargetOriginId": "SnapshotDistributionOrigin18AF93D65",
            "ViewerProtocolPolicy": "redirect-to-https",
          },
          "Enabled": true,
          "HttpVersion": "http2",
          "IPV6Enabled": true,
          "Origins": Array [
            Object {
              "DomainName": Object {
                "Fn::GetAtt": Array [
                  "ServerlessNextJsBucket352C45DE",
                  "RegionalDomainName",
                ],
              },
              "Id": "SnapshotDistributionOrigin18AF93D65",
              "S3OriginConfig": Object {
                "OriginAccessIdentity": Object {
                  "Fn::Join": Array [
                    "",
                    Array [
                      "origin-access-identity/cloudfront/",
                      Object {
                        "Ref": "DistributionOrigin1S3Origin5F5C0696",
                      },
                    ],
                  ],
                },
              },
            },
            Object {
              "DomainName": Object {
                "Fn::GetAtt": Array [
                  "ServerlessNextJsBucket352C45DE",
                  "RegionalDomainName",
                ],
              },
              "Id": "SnapshotDistributionOrigin21410E148",
              "S3OriginConfig": Object {
                "OriginAccessIdentity": Object {
                  "Fn::Join": Array [
                    "",
                    Array [
                      "origin-access-identity/cloudfront/",
                      Object {
                        "Ref": "DistributionOrigin2S3OriginE484D4BF",
                      },
                    ],
                  ],
                },
              },
            },
          ],
        },
      },
      "Type": "AWS::CloudFront::Distribution",
    },
    "DistributionOrigin1S3Origin5F5C0696": Object {
      "Properties": Object {
        "CloudFrontOriginAccessIdentityConfig": Object {
          "Comment": "Identity for SnapshotDistributionOrigin18AF93D65",
        },
      },
      "Type": "AWS::CloudFront::CloudFrontOriginAccessIdentity",
    },
    "DistributionOrigin2S3OriginE484D4BF": Object {
      "Properties": Object {
        "CloudFrontOriginAccessIdentityConfig": Object {
          "Comment": "Identity for SnapshotDistributionOrigin21410E148",
        },
      },
      "Type": "AWS::CloudFront::CloudFrontOriginAccessIdentity",
    },
    "ServerlessNextJsAssetsDeploymentDeploynextdataAwsCliLayer3A9A023C": Object {
      "Properties": Object {
        "Content": Object {
          "S3Bucket": Object {
            "Fn::Sub": "cdk-hnb659fds-assets-\${AWS::AccountId}-\${AWS::Region}",
          },
          "S3Key": "e9882ab123687399f934da0d45effe675ecc8ce13b40cb946f3e1d6141fe8d68.zip",
        },
        "Description": "/opt/awscli/aws",
      },
      "Type": "AWS::Lambda::LayerVersion",
    },
    "ServerlessNextJsAssetsDeploymentDeploynextdataCustomResourceE8CDBBD7": Object {
      "DeletionPolicy": "Delete",
      "Properties": Object {
        "DestinationBucketKeyPrefix": "_next/data",
        "DestinationBucketName": Object {
          "Ref": "ServerlessNextJsBucket352C45DE",
        },
        "Prune": true,
        "ServiceToken": Object {
          "Fn::GetAtt": Array [
            "CustomCDKBucketDeployment8693BB64968944B69AAFB0CC9EB8756C81C01536",
            "Arn",
          ],
        },
        "SourceBucketNames": Array [
          Object {
            "Fn::Sub": "cdk-hnb659fds-assets-\${AWS::AccountId}-\${AWS::Region}",
          },
        ],
        "SourceObjectKeys": Array [
          "a192a89cb04f674d88a9152374f0fd21f112bcbe3bf8196e13e0bc05c37b011f.zip",
        ],
        "SystemMetadata": Object {
          "cache-control": "public, max-age=0, s-maxage=2678400, must-revalidate",
        },
      },
      "Type": "Custom::CDKBucketDeployment",
      "UpdateReplacePolicy": "Delete",
    },
    "ServerlessNextJsAssetsDeploymentDeploynextstaticAwsCliLayer99BF5922": Object {
      "Properties": Object {
        "Content": Object {
          "S3Bucket": Object {
            "Fn::Sub": "cdk-hnb659fds-assets-\${AWS::AccountId}-\${AWS::Region}",
          },
          "S3Key": "e9882ab123687399f934da0d45effe675ecc8ce13b40cb946f3e1d6141fe8d68.zip",
        },
        "Description": "/opt/awscli/aws",
      },
      "Type": "AWS::Lambda::LayerVersion",
    },
    "ServerlessNextJsAssetsDeploymentDeploynextstaticCustomResourceCEC89944": Object {
      "DeletionPolicy": "Delete",
      "Properties": Object {
        "DestinationBucketKeyPrefix": "_next/static",
        "DestinationBucketName": Object {
          "Ref": "ServerlessNextJsBucket352C45DE",
        },
        "Prune": true,
        "ServiceToken": Object {
          "Fn::GetAtt": Array [
            "CustomCDKBucketDeployment8693BB64968944B69AAFB0CC9EB8756C81C01536",
            "Arn",
          ],
        },
        "SourceBucketNames": Array [
          Object {
            "Fn::Sub": "cdk-hnb659fds-assets-\${AWS::AccountId}-\${AWS::Region}",
          },
        ],
        "SourceObjectKeys": Array [
          "a192a89cb04f674d88a9152374f0fd21f112bcbe3bf8196e13e0bc05c37b011f.zip",
        ],
        "SystemMetadata": Object {
          "cache-control": "public, max-age=31536000, immutable",
        },
      },
      "Type": "Custom::CDKBucketDeployment",
      "UpdateReplacePolicy": "Delete",
    },
    "ServerlessNextJsAssetsDeploymentDeploypublicAwsCliLayerE21BE73E": Object {
      "Properties": Object {
        "Content": Object {
          "S3Bucket": Object {
            "Fn::Sub": "cdk-hnb659fds-assets-\${AWS::AccountId}-\${AWS::Region}",
          },
          "S3Key": "e9882ab123687399f934da0d45effe675ecc8ce13b40cb946f3e1d6141fe8d68.zip",
        },
        "Description": "/opt/awscli/aws",
      },
      "Type": "AWS::Lambda::LayerVersion",
    },
    "ServerlessNextJsAssetsDeploymentDeploypublicCustomResource5B1F4DE8": Object {
      "DeletionPolicy": "Delete",
      "Properties": Object {
        "DestinationBucketKeyPrefix": "public",
        "DestinationBucketName": Object {
          "Ref": "ServerlessNextJsBucket352C45DE",
        },
        "Prune": true,
        "ServiceToken": Object {
          "Fn::GetAtt": Array [
            "CustomCDKBucketDeployment8693BB64968944B69AAFB0CC9EB8756C81C01536",
            "Arn",
          ],
        },
        "SourceBucketNames": Array [
          Object {
            "Fn::Sub": "cdk-hnb659fds-assets-\${AWS::AccountId}-\${AWS::Region}",
          },
        ],
        "SourceObjectKeys": Array [
          "a192a89cb04f674d88a9152374f0fd21f112bcbe3bf8196e13e0bc05c37b011f.zip",
        ],
        "SystemMetadata": Object {
          "cache-control": "public, max-age=31536000, must-revalidate",
        },
      },
      "Type": "Custom::CDKBucketDeployment",
      "UpdateReplacePolicy": "Delete",
    },
    "ServerlessNextJsAssetsDeploymentDeploystaticAwsCliLayer10555A7C": Object {
      "Properties": Object {
        "Content": Object {
          "S3Bucket": Object {
            "Fn::Sub": "cdk-hnb659fds-assets-\${AWS::AccountId}-\${AWS::Region}",
          },
          "S3Key": "e9882ab123687399f934da0d45effe675ecc8ce13b40cb946f3e1d6141fe8d68.zip",
        },
        "Description": "/opt/awscli/aws",
      },
      "Type": "AWS::Lambda::LayerVersion",
    },
    "ServerlessNextJsAssetsDeploymentDeploystaticCustomResource840FF715": Object {
      "DeletionPolicy": "Delete",
      "Properties": Object {
        "DestinationBucketKeyPrefix": "static",
        "DestinationBucketName": Object {
          "Ref": "ServerlessNextJsBucket352C45DE",
        },
        "Prune": true,
        "ServiceToken": Object {
          "Fn::GetAtt": Array [
            "CustomCDKBucketDeployment8693BB64968944B69AAFB0CC9EB8756C81C01536",
            "Arn",
          ],
        },
        "SourceBucketNames": Array [
          Object {
            "Fn::Sub": "cdk-hnb659fds-assets-\${AWS::AccountId}-\${AWS::Region}",
          },
        ],
        "SourceObjectKeys": Array [
          "a192a89cb04f674d88a9152374f0fd21f112bcbe3bf8196e13e0bc05c37b011f.zip",
        ],
        "SystemMetadata": Object {
          "cache-control": "public, max-age=31536000, must-revalidate",
        },
      },
      "Type": "Custom::CDKBucketDeployment",
      "UpdateReplacePolicy": "Delete",
    },
    "ServerlessNextJsAssetsDeploymentDeploystaticpagesAwsCliLayerF92C0A7F": Object {
      "Properties": Object {
        "Content": Object {
          "S3Bucket": Object {
            "Fn::Sub": "cdk-hnb659fds-assets-\${AWS::AccountId}-\${AWS::Region}",
          },
          "S3Key": "e9882ab123687399f934da0d45effe675ecc8ce13b40cb946f3e1d6141fe8d68.zip",
        },
        "Description": "/opt/awscli/aws",
      },
      "Type": "AWS::Lambda::LayerVersion",
    },
    "ServerlessNextJsAssetsDeploymentDeploystaticpagesCustomResource5E8513F1": Object {
      "DeletionPolicy": "Delete",
      "Properties": Object {
        "DestinationBucketKeyPrefix": "static-pages",
        "DestinationBucketName": Object {
          "Ref": "ServerlessNextJsBucket352C45DE",
        },
        "Prune": true,
        "ServiceToken": Object {
          "Fn::GetAtt": Array [
            "CustomCDKBucketDeployment8693BB64968944B69AAFB0CC9EB8756C81C01536",
            "Arn",
          ],
        },
        "SourceBucketNames": Array [
          Object {
            "Fn::Sub": "cdk-hnb659fds-assets-\${AWS::AccountId}-\${AWS::Region}",
          },
        ],
        "SourceObjectKeys": Array [
          "a192a89cb04f674d88a9152374f0fd21f112bcbe3bf8196e13e0bc05c37b011f.zip",
        ],
        "SystemMetadata": Object {
          "cache-control": "public, max-age=0, s-maxage=2678400, must-revalidate",
        },
      },
      "Type": "Custom::CDKBucketDeployment",
      "UpdateReplacePolicy": "Delete",
    },
    "ServerlessNextJsBucket352C45DE": Object {
      "DeletionPolicy": "Retain",
      "Properties": Object {
        "Tags": Array [
          Object {
            "Key": "aws-cdk:cr-owned:_next/data:6f66766d",
            "Value": "true",
          },
          Object {
            "Key": "aws-cdk:cr-owned:_next/static:16a0745c",
            "Value": "true",
          },
          Object {
            "Key": "aws-cdk:cr-owned:public:cece9ccb",
            "Value": "true",
          },
          Object {
            "Key": "aws-cdk:cr-owned:static-pages:cc2587ed",
            "Value": "true",
          },
          Object {
            "Key": "aws-cdk:cr-owned:static:f34e323d",
            "Value": "true",
          },
        ],
      },
      "Type": "AWS::S3::Bucket",
      "UpdateReplacePolicy": "Retain",
    },
    "ServerlessNextJsBucketAssetsCachePolicyE658DAF4": Object {
      "Properties": Object {
        "CachePolicyConfig": Object {
          "DefaultTTL": 2592000,
          "MaxTTL": 2592000,
          "MinTTL": 2592000,
          "Name": Object {
            "Fn::Join": Array [
              "",
              Array [
                "SnapshotServerlessNextJsBucketAssetsCachePolicy9B8BD577-",
                Object {
                  "Ref": "AWS::Region",
                },
              ],
            ],
          },
          "ParametersInCacheKeyAndForwardedToOrigin": Object {
            "CookiesConfig": Object {
              "CookieBehavior": "none",
            },
            "EnableAcceptEncodingBrotli": true,
            "EnableAcceptEncodingGzip": true,
            "HeadersConfig": Object {
              "HeaderBehavior": "none",
            },
            "QueryStringsConfig": Object {
              "QueryStringBehavior": "none",
            },
          },
        },
      },
      "Type": "AWS::CloudFront::CachePolicy",
    },
    "ServerlessNextJsBucketPolicy079C42BC": Object {
      "Properties": Object {
        "Bucket": Object {
          "Ref": "ServerlessNextJsBucket352C45DE",
        },
        "PolicyDocument": Object {
          "Statement": Array [
            Object {
              "Action": "s3:GetObject",
              "Effect": "Allow",
              "Principal": Object {
                "CanonicalUser": Object {
                  "Fn::GetAtt": Array [
                    "DistributionOrigin1S3Origin5F5C0696",
                    "S3CanonicalUserId",
                  ],
                },
              },
              "Resource": Object {
                "Fn::Join": Array [
                  "",
                  Array [
                    Object {
                      "Fn::GetAtt": Array [
                        "ServerlessNextJsBucket352C45DE",
                        "Arn",
                      ],
                    },
                    "/*",
                  ],
                ],
              },
            },
            Object {
              "Action": "s3:GetObject",
              "Effect": "Allow",
              "Principal": Object {
                "CanonicalUser": Object {
                  "Fn::GetAtt": Array [
                    "DistributionOrigin2S3OriginE484D4BF",
                    "S3CanonicalUserId",
                  ],
                },
              },
              "Resource": Object {
                "Fn::Join": Array [
                  "",
                  Array [
                    Object {
                      "Fn::GetAtt": Array [
                        "ServerlessNextJsBucket352C45DE",
                        "Arn",
                      ],
                    },
                    "/*",
                  ],
                ],
              },
            },
          ],
          "Version": "2012-10-17",
        },
      },
      "Type": "AWS::S3::BucketPolicy",
    },
    "ServerlessNextJsLambdaCF85BA9F": Object {
      "DependsOn": Array [
        "ServerlessNextJsRoleDefaultPolicyC343B163",
        "ServerlessNextJsRole3D5E58EB",
      ],
      "Properties": Object {
        "Code": Object {
          "S3Bucket": Object {
            "Fn::Sub": "cdk-hnb659fds-assets-\${AWS::AccountId}-\${AWS::Region}",
          },
          "S3Key": "b5f1f675ebad4ecbdec1554c42c5308a68f628f979a81f7b12665f2445df3ee7.zip",
        },
        "Handler": "index-indirect.handler",
        "MemorySize": 512,
        "Role": Object {
          "Fn::GetAtt": Array [
            "ServerlessNextJsRole3D5E58EB",
            "Arn",
          ],
        },
        "Runtime": "nodejs12.x",
        "Timeout": 30,
      },
      "Type": "AWS::Lambda::Function",
    },
    "ServerlessNextJsLambdaCurrentVersionA807374Aeb608ea7bf0d0fb7901faacf6e8862f7": Object {
      "Properties": Object {
        "FunctionName": Object {
          "Ref": "ServerlessNextJsLambdaCF85BA9F",
        },
      },
      "Type": "AWS::Lambda::Version",
    },
    "ServerlessNextJsRole3D5E58EB": Object {
      "Properties": Object {
        "AssumeRolePolicyDocument": Object {
          "Statement": Array [
            Object {
              "Action": "sts:AssumeRole",
              "Effect": "Allow",
              "Principal": Object {
                "Service": "lambda.amazonaws.com",
              },
            },
            Object {
              "Action": "sts:AssumeRole",
              "Effect": "Allow",
              "Principal": Object {
                "Service": "edgelambda.amazonaws.com",
              },
            },
          ],
          "Version": "2012-10-17",
        },
        "ManagedPolicyArns": Array [
          Object {
            "Fn::Join": Array [
              "",
              Array [
                "arn:",
                Object {
                  "Ref": "AWS::Partition",
                },
                ":iam::aws:policy/service-role/AWSLambdaBasicExecutionRole",
              ],
            ],
          },
        ],
      },
      "Type": "AWS::IAM::Role",
    },
    "ServerlessNextJsRoleDefaultPolicyC343B163": Object {
      "Properties": Object {
        "PolicyDocument": Object {
          "Statement": Array [
            Object {
              "Action": Array [
                "s3:GetObject*",
                "s3:GetBucket*",
                "s3:List*",
                "s3:DeleteObject*",
                "s3:PutObject",
                "s3:Abort*",
              ],
              "Effect": "Allow",
              "Resource": Array [
                Object {
                  "Fn::GetAtt": Array [
                    "ServerlessNextJsBucket352C45DE",
                    "Arn",
                  ],
                },
                Object {
                  "Fn::Join": Array [
                    "",
                    Array [
                      Object {
                        "Fn::GetAtt": Array [
                          "ServerlessNextJsBucket352C45DE",
                          "Arn",
                        ],
                      },
                      "/*",
                    ],
                  ],
                },
              ],
            },
          ],
          "Version": "2012-10-17",
        },
        "PolicyName": "ServerlessNextJsRoleDefaultPolicyC343B163",
        "Roles": Array [
          Object {
            "Ref": "ServerlessNextJsRole3D5E58EB",
          },
        ],
      },
      "Type": "AWS::IAM::Policy",
    },
  },
  "Rules": Object {
    "CheckBootstrapVersion": Object {
      "Assertions": Array [
        Object {
          "Assert": Object {
            "Fn::Not": Array [
              Object {
                "Fn::Contains": Array [
                  Array [
                    "1",
                    "2",
                    "3",
                    "4",
                    "5",
                  ],
                  Object {
                    "Ref": "BootstrapVersion",
                  },
                ],
              },
            ],
          },
          "AssertDescription": "CDK bootstrap stack version 6 required. Please run 'cdk bootstrap' with a recent version of the CDK CLI.",
        },
      ],
    },
  },
}
`;
